ID.read	ALLOWED
AI.set.on	ALLOWED
AI.set.off	ALLOWED
MC.read	ALLOWED
MR.read.mem001	ALLOWED
MT.read.mem001	ALLOWED
MC.set.mem001	ALLOWED
MT.set.tag.mem001	ALLOWED
MT.set.clear.mem001	ALLOWED
MW.set.mem001	ALLOWED
MW.set.variant.mem001	ALLOWED
MR.read.mem050	ALLOWED
MT.read.mem050	ALLOWED
MC.set.mem050	ALLOWED
MT.set.tag.mem050	ALLOWED
MT.set.clear.mem050	ALLOWED
MW.set.mem050	ALLOWED
MW.set.variant.mem050	ALLOWED
MR.read.mem099	ALLOWED
MT.read.mem099	ALLOWED
MC.set.mem099	ALLOWED
MT.set.tag.mem099	ALLOWED
MT.set.clear.mem099	ALLOWED
MW.set.mem099	ALLOWED
MW.set.variant.mem099	ALLOWED
MR.read.pms1L	ALLOWED
MT.read.pms1L	ALLOWED
MC.set.pms1L	ALLOWED
MT.set.tag.pms1L	ALLOWED
MT.set.clear.pms1L	ALLOWED
MW.set.pms1L	ALLOWED
MW.set.variant.pms1L	ALLOWED
MR.read.pms9U	ALLOWED
MT.read.pms9U	ALLOWED
MC.set.pms9U	ALLOWED
MT.set.tag.pms9U	ALLOWED
MT.set.clear.pms9U	ALLOWED
MW.set.pms9U	ALLOWED
MW.set.variant.pms9U	ALLOWED
MR.read.sixty501	ALLOWED
MT.read.sixty501	ALLOWED
MC.set.sixty501	ALLOWED
MR.read.sixty599	ALLOWED
MT.read.sixty599	ALLOWED
MC.set.sixty599	ALLOWED
MR.read.emg	ALLOWED
MT.read.emg	ALLOWED
MC.set.emg	ALLOWED
EX.read.010101	ALLOWED
EX.read.010102	ALLOWED
EX.read.010103	ALLOWED
EX.read.010104	ALLOWED
EX.read.010105	ALLOWED
EX.read.010106	ALLOWED
EX.read.010107	ALLOWED
EX.read.010108	ALLOWED
EX.read.010109	ALLOWED
EX.read.010110	ALLOWED
EX.read.010111	ALLOWED
EX.read.010112	ALLOWED
EX.read.010113	ALLOWED
EX.read.010114	ALLOWED
EX.read.010115	ALLOWED
EX.read.010116	ALLOWED
EX.read.010117	ALLOWED
EX.read.010118	ALLOWED
EX.read.010119	ALLOWED
EX.read.010201	ALLOWED
EX.read.010202	ALLOWED
EX.read.010203	ALLOWED
EX.read.010204	ALLOWED
EX.read.010205	ALLOWED
EX.read.010206	ALLOWED
EX.read.010207	ALLOWED
EX.read.010208	ALLOWED
EX.read.010209	ALLOWED
EX.read.010210	ALLOWED
EX.read.010211	ALLOWED
EX.read.010212	ALLOWED
EX.read.010213	ALLOWED
EX.read.010214	ALLOWED
EX.read.010215	ALLOWED
EX.read.010216	ALLOWED
EX.read.010217	ALLOWED
EX.read.010301	ALLOWED
EX.read.010302	ALLOWED
EX.read.010303	ALLOWED
EX.read.010304	ALLOWED
EX.read.010305	ALLOWED
EX.read.010306	ALLOWED
EX.read.010307	ALLOWED
EX.read.010308	ALLOWED
EX.read.010309	ALLOWED
EX.read.010310	ALLOWED
EX.read.010311	ALLOWED
EX.read.010312	ALLOWED
EX.read.010313	ALLOWED
EX.read.010314	ALLOWED
EX.read.010315	ALLOWED
EX.read.010316	ALLOWED
EX.read.010317	ALLOWED
EX.read.010318	ALLOWED
EX.read.010319	ALLOWED
EX.read.010320	ALLOWED
EX.read.010321	ALLOWED
EX.read.010401	ALLOWED
EX.read.010402	ALLOWED
EX.read.010403	ALLOWED
EX.read.010404	ALLOWED
EX.read.010405	ALLOWED
EX.read.010406	ALLOWED
EX.read.010407	ALLOWED
EX.read.010408	ALLOWED
EX.read.010409	ALLOWED
EX.read.010410	ALLOWED
EX.read.010411	ALLOWED
EX.read.010412	ALLOWED
EX.read.010413	ALLOWED
EX.read.010414	ALLOWED
EX.read.010415	ALLOWED
EX.read.010416	ALLOWED
EX.read.010417	ALLOWED
EX.read.010418	ALLOWED
EX.read.010419	ALLOWED
EX.read.010420	ALLOWED
EX.read.010501	ALLOWED
EX.read.010502	ALLOWED
EX.read.010503	ALLOWED
EX.read.010504	ALLOWED
EX.read.010505	ALLOWED
EX.read.010506	ALLOWED
EX.read.010507	ALLOWED
EX.read.010508	ALLOWED
EX.read.010509	ALLOWED
EX.read.010510	ALLOWED
EX.read.010511	ALLOWED
EX.read.010512	ALLOWED
EX.read.010513	ALLOWED
EX.read.010514	ALLOWED
EX.read.010515	ALLOWED
EX.read.010516	ALLOWED
EX.read.010517	ALLOWED
EX.read.020101	ALLOWED
EX.read.020102	ALLOWED
EX.read.020103	ALLOWED
EX.read.020104	ALLOWED
EX.read.020105	ALLOWED
EX.read.020106	ALLOWED
EX.read.020107	ALLOWED
EX.read.020108	ALLOWED
EX.read.020109	ALLOWED
EX.read.020110	ALLOWED
EX.read.020111	ALLOWED
EX.read.020112	ALLOWED
EX.read.020113	ALLOWED
EX.read.020114	ALLOWED
EX.read.020115	ALLOWED
EX.read.020116	ALLOWED
EX.read.020117	ALLOWED
EX.read.020118	ALLOWED
EX.read.020119	ALLOWED
EX.read.020120	ALLOWED
EX.read.020201	ALLOWED
EX.read.020202	ALLOWED
EX.read.020203	ALLOWED
EX.read.020204	ALLOWED
EX.read.020205	ALLOWED
EX.read.020206	ALLOWED
EX.read.020207	ALLOWED
EX.read.020208	ALLOWED
EX.read.020209	ALLOWED
EX.read.020210	ALLOWED
EX.read.020211	ALLOWED
EX.read.030101	ALLOWED
EX.read.030102	ALLOWED
EX.read.030103	ALLOWED
EX.read.030104	ALLOWED
EX.read.030105	ALLOWED
EX.read.030106	ALLOWED
EX.read.030107	ALLOWED
EX.read.030108	ALLOWED
EX.read.030109	ALLOWED
EX.read.030110	ALLOWED
EX.read.030111	ALLOWED
EX.read.030112	ALLOWED
EX.read.030113	ALLOWED
EX.read.030114	ALLOWED
EX.read.030115	ALLOWED
EX.read.030116	ALLOWED
EX.read.030117	ALLOWED
EX.read.030118	ALLOWED
EX.read.030119	ALLOWED
EX.read.030120	ALLOWED
EX.read.030121	ALLOWED
EX.read.030122	ALLOWED
EX.read.030123	ALLOWED
EX.read.030124	ALLOWED
EX.read.030125	ALLOWED
EX.read.030126	ALLOWED
EX.read.030201	ALLOWED
EX.read.030202	ALLOWED
EX.read.030203	ALLOWED
EX.read.030204	ALLOWED
EX.read.030205	ALLOWED
EX.read.030206	ALLOWED
EX.read.030301	ALLOWED
EX.read.030302	ALLOWED
EX.read.030303	ALLOWED
EX.read.030304	ALLOWED
EX.read.030305	ALLOWED
EX.read.030306	ALLOWED
EX.read.030307	ALLOWED
EX.read.030308	ALLOWED
EX.read.030309	ALLOWED
EX.read.030310	ALLOWED
EX.read.030311	ALLOWED
EX.read.030312	ALLOWED
EX.read.030313	ALLOWED
EX.read.030314	ALLOWED
EX.read.030315	ALLOWED
EX.read.030316	ALLOWED
EX.read.030317	ALLOWED
EX.read.030318	ALLOWED
EX.read.030319	ALLOWED
EX.read.030401	ALLOWED
EX.read.030402	ALLOWED
EX.read.030403	ALLOWED
EX.read.030404	ALLOWED
EX.read.030405	ALLOWED
EX.read.030406	ALLOWED
EX.read.030407	ALLOWED
EX.read.030408	ALLOWED
EX.read.030501	ALLOWED
EX.read.030502	ALLOWED
EX.read.030503	ALLOWED
EX.read.030504	ALLOWED
EX.read.030505	ALLOWED
EX.read.030506	ALLOWED
EX.read.040101	ALLOWED
EX.read.040102	ALLOWED
EX.read.040103	ALLOWED
EX.read.040104	ALLOWED
EX.read.040105	ALLOWED
EX.read.040106	ALLOWED
EX.read.040201	ALLOWED
EX.read.040202	ALLOWED
EX.read.040203	ALLOWED
EX.read.040204	ALLOWED
EX.read.040301	ALLOWED
EX.read.040302	ALLOWED
EX.read.040303	ALLOWED
EX.read.040304	ALLOWED
EX.read.040401	ALLOWED
EX.read.040402	ALLOWED
EX.read.060101	ALLOWED
EX.read.060102	ALLOWED
EX.read.060103	ALLOWED
EX.read.060104	ALLOWED
EX.read.060105	ALLOWED
EX.read.060106	ALLOWED
EX.read.060107	ALLOWED
EX.read.060108	ALLOWED
EX.read.060109	ALLOWED
EX.read.060110	ALLOWED
EX.read.060111	ALLOWED
EX.read.060112	ALLOWED
EX.read.060113	ALLOWED
EX.read.060114	ALLOWED
EX.read.060115	ALLOWED
EX.read.060116	ALLOWED
EX.read.060117	ALLOWED
EX.read.060118	ALLOWED
EX.read.060201	ALLOWED
EX.read.060202	ALLOWED
EX.read.060203	ALLOWED
EX.read.060204	ALLOWED
EX.read.060205	ALLOWED
EX.read.060206	ALLOWED
EX.read.060207	ALLOWED
EX.read.060208	ALLOWED
EX.read.060209	ALLOWED
EX.read.060210	ALLOWED
EX.read.060211	ALLOWED
EX.read.060212	ALLOWED
EX.read.060213	ALLOWED
EX.read.060214	ALLOWED
EX.read.060215	ALLOWED
EX.read.060216	ALLOWED
EX.read.060217	ALLOWED
EX.read.060218	ALLOWED
EX.read.060301	ALLOWED
EX.read.060302	ALLOWED
EX.read.060303	ALLOWED
EX.read.060304	ALLOWED
EX.read.060305	ALLOWED
EX.read.060306	ALLOWED
EX.read.060307	ALLOWED
EX.read.060308	ALLOWED
EX.read.060309	ALLOWED
EX.read.060310	ALLOWED
EX.read.060311	ALLOWED
EX.read.060312	ALLOWED
EX.read.060313	ALLOWED
EX.read.060314	ALLOWED
EX.read.060315	ALLOWED
EX.read.060316	ALLOWED
EX.read.060317	ALLOWED
EX.read.060318	ALLOWED
EX.read.060401	ALLOWED
EX.read.060402	ALLOWED
EX.read.060403	ALLOWED
EX.read.060404	ALLOWED
EX.read.060405	ALLOWED
EX.read.060406	ALLOWED
EX.read.060407	ALLOWED
EX.read.060408	ALLOWED
EX.read.060409	ALLOWED
EX.read.060410	ALLOWED
EX.read.060411	ALLOWED
EX.read.060412	ALLOWED
EX.read.060413	ALLOWED
EX.read.060414	ALLOWED
EX.read.060415	ALLOWED
EX.read.060416	ALLOWED
EX.read.060417	ALLOWED
EX.read.060418	ALLOWED
EX.read.060501	ALLOWED
EX.read.060502	ALLOWED
EX.read.060503	ALLOWED
EX.read.060504	ALLOWED
EX.read.060505	ALLOWED
EX.read.060506	ALLOWED
EX.read.060507	ALLOWED
EX.read.060508	ALLOWED
EX.read.060509	ALLOWED
EX.read.060510	ALLOWED
EX.read.060511	ALLOWED
EX.read.060512	ALLOWED
EX.read.060513	ALLOWED
EX.read.060514	ALLOWED
EX.read.060515	ALLOWED
EX.read.060516	ALLOWED
EX.read.060517	ALLOWED
EX.read.060518	ALLOWED
golden.G4	REJECTED
golden.G6	REJECTED
golden.G7	REJECTED
